  ▲ Next.js 14.2.18
  - Environments: .env.local

